**********************
Windows PowerShell transcript start
Start time: 20260915000735
Username: DESKTOP-30M6U23\XuanCuong
RunAs User: DESKTOP-30M6U23\XuanCuong
Configuration Name: 
Machine: DESKTOP-30M6U23 (Microsoft Windows NT 10.0.19045.0)
Host Application: C:\Windows\System32\WindowsPowerShell\v1.0\powershell.exe -NoProfile -ExecutionPolicy Bypass -File C:\xampp\htdocs\careioc\scripts\install-lis-tasks.ps1
Process ID: 12304
PSVersion: 5.1.19041.6456
PSEdition: Desktop
PSCompatibleVersions: 1.0, 2.0, 3.0, 4.0, 5.0, 5.1.19041.6456
BuildVersion: 10.0.19041.6456
CLRVersion: 4.0.30319.42000
WSManStackVersion: 3.0
PSRemotingProtocolVersion: 2.3
SerializationVersion: 1.1.0.1
**********************

**********************
Windows PowerShell transcript end
End time: 20260915000736
**********************
